// Jest Snapshot v1, https://goo.gl/fbAQLP

exports[`Card Should change colors when hovered 1`] = `
<Link
  href="/"
>
  <Card
    body={false}
    style={
      Object {
        "height": "12rem",
        "width": "17rem",
      }
    }
  >
    <CardText
      style={
        Object {
          "textAlign": "center",
        }
      }
    >
      MY AWESOME CARD
    </CardText>
  </Card>
</Link>
`;

exports[`Card Should change colors when hovered 2`] = `
<Link
  href="/"
>
  <Card
    body={false}
    style={
      Object {
        "height": "12rem",
        "width": "17rem",
      }
    }
  >
    <CardText
      style={
        Object {
          "textAlign": "center",
        }
      }
    >
      MY AWESOME CARD
    </CardText>
  </Card>
</Link>
`;

exports[`Card Should change colors when hovered 3`] = `
<Link
  href="/"
>
  <Card
    body={false}
    style={
      Object {
        "height": "12rem",
        "width": "17rem",
      }
    }
  >
    <CardText
      style={
        Object {
          "textAlign": "center",
        }
      }
    >
      MY AWESOME CARD
    </CardText>
  </Card>
</Link>
`;
